// Jest Snapshot v1, https://goo.gl/fbAQLP

exports[`Test Modal component Empty Modal 1`] = `
<SimpleModal
  dispatch={[Function]}
  error={null}
  item={null}
  loading={false}
  modal={false}
  onChangeFile={[MockFunction]}
  onClickAdd={[MockFunction]}
  onClickClose={[MockFunction]}
  onClickUpdate={[MockFunction]}
  store={
    Object {
      "dispatch": [Function],
      "getState": [Function],
      "liftedStore": Object {
        "dispatch": [Function],
        "getState": [Function],
        "replaceReducer": [Function],
        "subscribe": [Function],
        Symbol(observable): [Function],
      },
      "replaceReducer": [Function],
      "subscribe": [Function],
      Symbol(observable): [Function],
    }
  }
  storeSubscription={
    Subscription {
      "listeners": Object {
        "clear": [Function],
        "get": [Function],
        "notify": [Function],
        "subscribe": [Function],
      },
      "onStateChange": [Function],
      "parentSub": undefined,
      "store": Object {
        "dispatch": [Function],
        "getState": [Function],
        "liftedStore": Object {
          "dispatch": [Function],
          "getState": [Function],
          "replaceReducer": [Function],
          "subscribe": [Function],
          Symbol(observable): [Function],
        },
        "replaceReducer": [Function],
        "subscribe": [Function],
        Symbol(observable): [Function],
      },
      "unsubscribe": [Function],
    }
  }
  value=""
/>
`;
